{"event_type":"quizStarted","timestamp":"2025-06-04T10:23:00.620Z","user_id":"unknown","properties":{"quiz_id":"q9"}}
{"event_type":"quizEnded","timestamp":"2025-06-04T10:23:06.979Z","user_id":"unknown","properties":{"quiz_id":"q9","is_completed":true}}
{"event_type":"quizSubmitted","timestamp":"2025-06-04T10:23:07.077Z","user_id":"unknown","properties":{"experiment_quiz_streak":"unknown","experiment_quiz_feedback":"unknown","quiz_id":"q9","quiz_level":10,"is_correct":true,"hint_used":false,"streak_count":0,"time_taken_sec":6.456}}
{"event_type":"quizStarted","timestamp":"2025-06-04T10:23:22.765Z","user_id":"unknown","properties":{"quiz_id":"q13"}}
{"event_type":"quizEnded","timestamp":"2025-06-04T10:23:25.352Z","user_id":"unknown","properties":{"quiz_id":"q13","is_completed":true}}
{"event_type":"quizSubmitted","timestamp":"2025-06-04T10:23:25.461Z","user_id":"unknown","properties":{"experiment_quiz_streak":"unknown","experiment_quiz_feedback":"unknown","quiz_id":"q13","quiz_level":10,"is_correct":true,"hint_used":false,"streak_count":0,"time_taken_sec":2.695}}
{"event_type":"quizStarted","timestamp":"2025-06-04T10:23:40.589Z","user_id":"unknown","properties":{"quiz_id":"q8"}}
{"event_type":"quizSubmitted","timestamp":"2025-06-04T10:23:42.601Z","user_id":"unknown","properties":{"experiment_quiz_streak":"unknown","experiment_quiz_feedback":"unknown","quiz_id":"q8","quiz_level":10,"is_correct":false,"hint_used":false,"streak_count":0,"time_taken_sec":2.011}}
{"event_type":"quizEnded","timestamp":"2025-06-04T10:23:55.777Z","user_id":"unknown","properties":{"quiz_id":"q8","is_completed":true}}
{"event_type":"quizSubmitted","timestamp":"2025-06-04T10:23:55.881Z","user_id":"unknown","properties":{"experiment_quiz_streak":"unknown","experiment_quiz_feedback":"unknown","quiz_id":"q8","quiz_level":10,"is_correct":true,"hint_used":true,"streak_count":0,"time_taken_sec":15.291}}
{"event_type":"quizStarted","timestamp":"2025-06-04T10:44:36.775Z","user_id":"unknown","properties":{"quiz_id":"q32"}}
{"event_type":"quizSubmitted","timestamp":"2025-06-04T10:44:39.048Z","user_id":"unknown","properties":{"quiz_id":"q32","quiz_subject":"invest","quiz_rank":"BRONZE","quiz_level":10,"is_correct":false,"hint_used":false,"time_taken_sec":2}}
{"event_type":"quizEnded","timestamp":"2025-06-04T10:44:42.796Z","user_id":"unknown","properties":{"quiz_id":"q32","is_completed":true}}
{"event_type":"quizSubmitted","timestamp":"2025-06-04T10:44:42.830Z","user_id":"unknown","properties":{"quiz_id":"q32","quiz_subject":"invest","quiz_rank":"BRONZE","quiz_level":10,"is_correct":true,"hint_used":false,"time_taken_sec":6}}
{"eventType":"quizListLoaded","timestamp":"2025-06-07T15:25:48.578Z","userId":"1","username":null,"properties":{"subject":"finance","quizCount":167}}
{"eventType":"quizListLoaded","timestamp":"2025-06-07T15:25:51.400Z","userId":"1","username":null,"properties":{"subject":"credit","quizCount":123}}
{"eventType":"quizEnded","timestamp":"2025-06-07T15:25:53.236Z","userId":"1","username":null,"properties":{"quizId":"10","isCorrect":true,"durationMs":103757}}
{"eventType":"quizStarted","timestamp":"2025-06-07T15:25:53.243Z","userId":"1","username":null,"properties":{"quizId":"4","quizLevel":"10","quizSubject":"credit"}}
{"eventType":"quizStarted","timestamp":"2025-06-07T15:25:56.688Z","userId":"1","username":null,"properties":{"quizId":"22","quizLevel":"10","quizSubject":"credit"}}
{"eventType":"quizSubmitted","timestamp":"2025-06-07T15:26:02.707Z","userId":"1","username":null,"properties":{"quizId":"22","answer":"2","isCorrect":false}}
{"eventType":"quizTabViewed","timestamp":"2025-06-07T15:40:05.671Z","userId":"1","username":null,"properties":{"quizSubject":"finance","quizRank":"BRONZE"}}
{"eventType":"quizTabViewed","timestamp":"2025-06-07T15:44:27.539Z","userId":"1","username":null,"properties":{"quizSubject":"credit","quizRank":"BRONZE"}}
{"eventType":"quizStarted","timestamp":"2025-06-07T15:44:30.403Z","userId":"1","username":null,"properties":{"quizId":22,"quizLevel":10,"quizSubject":"credit"}}
{"eventType":"quizSubmitted","timestamp":"2025-06-07T15:44:33.628Z","userId":"1","username":null,"properties":{"quizId":22,"isCorrect":true,"responseTimeMs":3225,"hintUsed":false}}
{"eventType":"quizStarted","timestamp":"2025-06-07T15:44:36.970Z","userId":"1","username":null,"properties":{"quizId":23,"quizLevel":10,"quizSubject":"credit"}}
{"eventType":"quizSubmitted","timestamp":"2025-06-07T15:45:38.968Z","userId":"1","username":null,"properties":{"quizId":23,"isCorrect":false,"responseTimeMs":61998,"hintUsed":false}}
{"eventType":"quizStarted","timestamp":"2025-06-07T16:18:39.602Z","userId":"32","properties":{"quizId":13}}
{"eventType":"quizSubmitted","timestamp":"2025-06-07T16:18:41.678Z","userId":"32","properties":{"quizId":13,"isCorrect":true,"responseTimeMs":2076,"aiBotUsed":false}}
{"eventType":"quizStarted","timestamp":"2025-06-07T16:18:47.385Z","userId":"32","properties":{"quizId":4}}
{"eventType":"quizSubmitted","timestamp":"2025-06-07T16:18:49.118Z","userId":"32","properties":{"quizId":4,"isCorrect":false,"responseTimeMs":1733,"aiBotUsed":false}}
{"eventType":"quizSubmitted","timestamp":"2025-06-07T16:18:50.858Z","userId":"32","properties":{"quizId":4,"isCorrect":false,"responseTimeMs":3473,"aiBotUsed":false}}
{"eventType":"quizSubmitted","timestamp":"2025-06-07T16:18:51.147Z","userId":"32","properties":{"quizId":4,"isCorrect":false,"responseTimeMs":3762,"aiBotUsed":false}}
{"eventType":"quizSubmitted","timestamp":"2025-06-07T16:18:51.387Z","userId":"32","properties":{"quizId":4,"isCorrect":false,"responseTimeMs":4002,"aiBotUsed":false}}
{"eventType":"quizStarted","timestamp":"2025-06-07T16:20:05.102Z","userId":"32","properties":{"quizId":4}}
{"eventType":"quizSubmitted","timestamp":"2025-06-07T16:20:06.568Z","userId":"32","properties":{"quizId":4,"isCorrect":false,"responseTimeMs":1466,"aiBotUsed":false}}
{"eventType":"quizEnded","timestamp":"2025-06-07T16:20:17.301Z","userId":"32","properties":{"quizId":4,"aiBotUsed":false}}
{"eventType":"quizStarted","timestamp":"2025-06-07T16:20:17.302Z","userId":"32","properties":{"quizId":21}}
{"eventType":"quizSubmitted","timestamp":"2025-06-07T16:20:21.418Z","userId":"32","properties":{"quizId":21,"isCorrect":true,"responseTimeMs":4116,"aiBotUsed":false}}
{"eventType":"quizEnded","timestamp":"2025-06-07T16:22:07.086Z","userId":"32","properties":{"quizId":21,"aiBotUsed":false}}
{"eventType":"quizStarted","timestamp":"2025-06-07T16:22:07.086Z","userId":"32","properties":{"quizId":4}}
{"eventType":"quizSubmitted","timestamp":"2025-06-07T16:22:07.858Z","userId":"32","properties":{"quizId":4,"isCorrect":false,"responseTimeMs":772,"aiBotUsed":false}}
{"eventType":"quizSubmitted","timestamp":"2025-06-07T16:22:11.998Z","userId":"32","properties":{"quizId":4,"isCorrect":false,"responseTimeMs":4912,"aiBotUsed":false}}
{"eventType":"quizSubmitted","timestamp":"2025-06-07T16:22:14.868Z","userId":"32","properties":{"quizId":4,"isCorrect":true,"responseTimeMs":7782,"aiBotUsed":false}}
{"eventType":"chatPopupToggled","timestamp":"2025-06-07T16:22:45.072Z","userId":"32","properties":{"isOpen":true,"messageCount":0}}
{"eventType":"quizEnded","timestamp":"2025-06-07T16:22:50.153Z","userId":"32","properties":{"quizId":4,"aiBotUsed":false}}
{"eventType":"quizStarted","timestamp":"2025-06-07T16:22:50.154Z","userId":"32","properties":{"quizId":8}}
{"eventType":"quizEnded","timestamp":"2025-06-07T16:22:54.953Z","userId":"32","properties":{"quizId":8,"aiBotUsed":false}}
{"eventType":"quizStarted","timestamp":"2025-06-07T16:22:54.953Z","userId":"32","properties":{"quizId":4}}
{"eventType":"quizStarted","timestamp":"2025-06-07T16:23:29.703Z","userId":"32","properties":{"quizId":2}}
{"eventType":"quizEnded","timestamp":"2025-06-07T16:23:35.085Z","userId":"32","properties":{"quizId":2}}
{"eventType":"quizStarted","timestamp":"2025-06-07T16:23:35.087Z","userId":"32","properties":{"quizId":9}}
{"eventType":"quizStarted","timestamp":"2025-06-07T16:24:18.336Z","userId":"32","properties":{"quizId":9}}
{"eventType":"quizEnded","timestamp":"2025-06-07T16:24:20.535Z","userId":"32","properties":{"quizId":9}}
{"eventType":"quizStarted","timestamp":"2025-06-07T16:24:20.536Z","userId":"32","properties":{"quizId":21}}
{"eventType":"quizEnded","timestamp":"2025-06-07T16:24:23.920Z","userId":"32","properties":{"quizId":21}}
{"eventType":"quizStarted","timestamp":"2025-06-07T16:24:23.921Z","userId":"32","properties":{"quizId":32}}
{"eventType":"quizEnded","timestamp":"2025-06-07T16:24:58.637Z","userId":"32","properties":{"quizId":32}}
{"eventType":"quizStarted","timestamp":"2025-06-07T16:24:58.639Z","userId":"32","properties":{"quizId":9}}
{"eventType":"quizStarted","timestamp":"2025-06-07T16:25:18.237Z","userId":"32","properties":{"quizId":6}}
{"eventType":"quizEnded","timestamp":"2025-06-07T16:25:19.852Z","userId":"32","properties":{"quizId":6}}
{"eventType":"quizStarted","timestamp":"2025-06-07T16:25:19.853Z","userId":"32","properties":{"quizId":11}}
{"eventType":"quizSubmitted","timestamp":"2025-06-07T16:25:24.378Z","userId":"32","properties":{"quizId":11,"isCorrect":false,"responseTimeMs":4525,"aiBotUsed":false}}
{"eventType":"quizSubmitted","timestamp":"2025-06-07T16:25:25.278Z","userId":"32","properties":{"quizId":11,"isCorrect":false,"responseTimeMs":5425,"aiBotUsed":false}}
{"eventType":"quizStarted","timestamp":"2025-06-07T16:25:47.404Z","userId":"32","properties":{"quizId":11}}
{"eventType":"quizSubmitted","timestamp":"2025-06-07T16:25:49.598Z","userId":"32","properties":{"quizId":11,"isCorrect":false,"responseTimeMs":2195,"aiBotUsed":false}}
{"eventType":"quizSubmitted","timestamp":"2025-06-07T16:25:51.198Z","userId":"32","properties":{"quizId":11,"isCorrect":true,"responseTimeMs":3795,"aiBotUsed":false}}
{"eventType":"quizEnded","timestamp":"2025-06-07T16:25:56.486Z","userId":"32","properties":{"quizId":11,"aiBotUsed":false}}
{"eventType":"quizStarted","timestamp":"2025-06-07T16:25:56.487Z","userId":"32","properties":{"quizId":32}}
{"eventType":"quizSubmitted","timestamp":"2025-06-07T16:25:58.088Z","userId":"32","properties":{"quizId":32,"isCorrect":false,"responseTimeMs":1601,"aiBotUsed":false}}
{"eventType":"quizSubmitted","timestamp":"2025-06-07T16:25:58.918Z","userId":"32","properties":{"quizId":32,"isCorrect":false,"responseTimeMs":2431,"aiBotUsed":false}}
{"eventType":"quizStarted","timestamp":"2025-06-07T16:26:23.838Z","userId":"32","properties":{"quizId":12}}
{"eventType":"quizSubmitted","timestamp":"2025-06-07T16:26:25.558Z","userId":"32","properties":{"quizId":12,"isCorrect":false,"responseTimeMs":1721,"aiBotUsed":false}}
{"eventType":"quizSubmitted","timestamp":"2025-06-07T16:26:26.298Z","userId":"32","properties":{"quizId":12,"isCorrect":false,"responseTimeMs":2461,"aiBotUsed":false}}
{"eventType":"quizEnded","timestamp":"2025-06-07T16:29:33.553Z","userId":"32","properties":{"quizId":32,"aiBotUsed":false}}
{"eventType":"quizStarted","timestamp":"2025-06-07T16:29:33.555Z","userId":"32","properties":{"quizId":33}}
{"eventType":"quizSubmitted","timestamp":"2025-06-07T16:29:36.149Z","userId":"32","properties":{"quizId":33,"isCorrect":false,"responseTimeMs":2594,"aiBotUsed":false}}
{"eventType":"quizStarted","timestamp":"2025-06-07T16:30:09.104Z","userId":"32","properties":{"quizId":16}}
{"eventType":"quizSubmitted","timestamp":"2025-06-07T16:30:11.370Z","userId":"32","properties":{"quizId":16,"isCorrect":false,"responseTimeMs":2266,"aiBotUsed":false}}
{"eventType":"quizSubmitted","timestamp":"2025-06-07T16:30:12.489Z","userId":"32","properties":{"quizId":16,"isCorrect":false,"responseTimeMs":3385,"aiBotUsed":false}}
{"eventType":"quizSubmitted","timestamp":"2025-06-07T16:30:12.948Z","userId":"32","properties":{"quizId":16,"isCorrect":false,"responseTimeMs":3844,"aiBotUsed":false}}
{"eventType":"quizTabViewed","timestamp":"2025-06-07T16:31:38.917Z","userId":"32","properties":{}}
{"eventType":"quizStarted","timestamp":"2025-06-07T16:31:42.138Z","userId":"32","properties":{"quizId":16}}
{"eventType":"quizSubmitted","timestamp":"2025-06-07T16:31:44.329Z","userId":"32","properties":{"quizId":16,"isCorrect":false,"responseTimeMs":2191,"aiBotUsed":false}}
{"eventType":"quizSubmitted","timestamp":"2025-06-07T16:31:45.180Z","userId":"32","properties":{"quizId":16,"isCorrect":false,"responseTimeMs":3042,"aiBotUsed":false}}
{"eventType":"quizSubmitted","timestamp":"2025-06-07T16:33:31.708Z","userId":"32","properties":{"quizId":16,"isCorrect":true,"responseTimeMs":109570,"aiBotUsed":false}}
{"eventType":"quizEnded","timestamp":"2025-06-07T16:34:25.371Z","userId":"32","properties":{"quizId":16,"aiBotUsed":false}}
{"eventType":"quizStarted","timestamp":"2025-06-07T16:34:25.372Z","userId":"32","properties":{"quizId":17}}
{"eventType":"quizSubmitted","timestamp":"2025-06-07T16:34:28.468Z","userId":"32","properties":{"quizId":17,"isCorrect":false,"responseTimeMs":3096,"aiBotUsed":false}}
{"eventType":"quizSubmitted","timestamp":"2025-06-07T16:34:32.119Z","userId":"32","properties":{"quizId":17,"isCorrect":true,"responseTimeMs":6747,"aiBotUsed":false}}
{"eventType":"quizTabViewed","timestamp":"2025-06-07T16:37:34.278Z","userId":"32","properties":{}}
{"eventType":"quizEnded","timestamp":"2025-06-07T16:37:36.774Z","userId":"32","properties":{"quizId":17,"aiBotUsed":false}}
{"eventType":"quizStarted","timestamp":"2025-06-07T16:37:36.775Z","userId":"32","properties":{"quizId":33}}
{"eventType":"chatPopupToggled","timestamp":"2025-06-07T16:37:38.775Z","userId":"32","properties":{"isOpen":true,"messageCount":0}}
{"eventType":"chatMessageSent","timestamp":"2025-06-07T16:38:07.936Z","userId":"32","properties":{"responseTimeMs":12313,"messageCount":3,"messageLength":11}}
{"eventType":"chatPopupToggled","timestamp":"2025-06-07T16:38:13.891Z","userId":"32","properties":{"isOpen":false,"messageCount":3}}
{"eventType":"quizSubmitted","timestamp":"2025-06-07T16:38:22.195Z","userId":"32","properties":{"quizId":33,"isCorrect":false,"responseTimeMs":45420,"aiBotUsed":false}}
{"eventType":"quizSubmitted","timestamp":"2025-06-07T16:38:26.784Z","userId":"32","properties":{"quizId":33,"isCorrect":false,"responseTimeMs":50009,"aiBotUsed":false}}
{"eventType":"quizSubmitted","timestamp":"2025-06-07T16:38:30.804Z","userId":"32","properties":{"quizId":33,"isCorrect":true,"responseTimeMs":54029,"aiBotUsed":false}}
{"eventType":"quizTabViewed","timestamp":"2025-06-07T16:40:19.300Z","userId":"32","properties":{}}
{"eventType":"quizTabViewed","timestamp":"2025-06-07T16:40:19.299Z","userId":"32","properties":{}}
{"eventType":"quizTabViewed","timestamp":"2025-06-07T16:40:27.076Z","userId":"32","properties":{}}
{"eventType":"quizStarted","timestamp":"2025-06-07T16:40:31.722Z","userId":"32","properties":{"quizId":10}}
{"eventType":"chatPopupToggled","timestamp":"2025-06-07T16:40:38.074Z","userId":"32","properties":{"isOpen":true,"messageCount":0}}
{"eventType":"chatMessageSent","timestamp":"2025-06-07T16:40:55.416Z","userId":"32","properties":{"responseTimeMs":4332,"messageCount":3,"messageLength":11}}
{"eventType":"chatPopupToggled","timestamp":"2025-06-07T16:41:09.824Z","userId":"32","properties":{"isOpen":false,"messageCount":3}}
{"eventType":"quizSubmitted","timestamp":"2025-06-07T16:41:15.904Z","userId":"32","properties":{"quizId":10,"isCorrect":false,"responseTimeMs":44182,"aiBotUsed":false}}
{"eventType":"quizSubmitted","timestamp":"2025-06-07T16:41:23.205Z","userId":"32","properties":{"quizId":10,"isCorrect":true,"responseTimeMs":51482,"aiBotUsed":false}}
{"eventType":"quizTabViewed","timestamp":"2025-06-07T16:42:44.323Z","userId":"32","properties":{}}
{"eventType":"quizTabViewed","timestamp":"2025-06-07T16:42:46.594Z","userId":"32","properties":{}}
{"eventType":"quizStarted","timestamp":"2025-06-07T16:42:49.772Z","userId":"32","properties":{"quizId":22}}
{"eventType":"chatPopupToggled","timestamp":"2025-06-07T16:42:56.424Z","userId":"32","properties":{"isOpen":true,"messageCount":0}}
{"eventType":"chatMessageSent","timestamp":"2025-06-07T16:43:08.584Z","userId":"32","properties":{"responseTimeMs":1731,"messageCount":3,"messageLength":7}}
{"eventType":"chatPopupToggled","timestamp":"2025-06-07T16:43:12.572Z","userId":"32","properties":{"isOpen":false,"messageCount":3}}
{"eventType":"quizSubmitted","timestamp":"2025-06-07T16:43:17.265Z","userId":"32","properties":{"quizId":22,"isCorrect":false,"responseTimeMs":27493,"aiBotUsed":false}}
{"eventType":"quizSubmitted","timestamp":"2025-06-07T16:43:21.394Z","userId":"32","properties":{"quizId":22,"isCorrect":true,"responseTimeMs":31622,"aiBotUsed":false}}
{"eventType":"quizTabViewed","timestamp":"2025-06-08T02:23:44.840Z","userId":"32","properties":{}}
{"eventType":"quizTabViewed","timestamp":"2025-06-08T02:23:44.840Z","userId":"32","properties":{}}
{"eventType":"quizStarted","timestamp":"2025-06-08T02:25:17.719Z","userId":"32","properties":{"quizId":2}}
{"eventType":"quizTabViewed","timestamp":"2025-06-08T02:25:20.174Z","userId":"32","properties":{}}
{"eventType":"quizEnded","timestamp":"2025-06-08T02:25:24.917Z","userId":"32","properties":{"quizId":2,"aiBotUsed":false}}
{"eventType":"quizStarted","timestamp":"2025-06-08T02:25:24.918Z","userId":"32","properties":{"quizId":39}}
{"eventType":"quizSubmitted","timestamp":"2025-06-08T02:25:28.389Z","userId":"32","properties":{"quizId":39,"isCorrect":false,"responseTimeMs":3471,"aiBotUsed":false}}
{"eventType":"quizSubmitted","timestamp":"2025-06-08T02:25:31.773Z","userId":"32","properties":{"quizId":39,"isCorrect":true,"responseTimeMs":6855,"aiBotUsed":false}}
{"eventType":"chatPopupToggled","timestamp":"2025-06-08T02:26:04.167Z","userId":"32","properties":{"isOpen":true,"messageCount":0}}
{"eventType":"chatMessageSent","timestamp":"2025-06-08T02:26:21.370Z","userId":"32","properties":{"responseTimeMs":3569,"messageCount":3,"messageLength":12}}
{"eventType":"chatPopupToggled","timestamp":"2025-06-08T02:26:41.749Z","userId":"32","properties":{"isOpen":false,"messageCount":3}}
{"eventType":"quizStarted","timestamp":"2025-06-08T02:29:18.645Z","userId":"32","properties":{"quizId":199}}
{"eventType":"chatPopupToggled","timestamp":"2025-06-08T02:29:23.045Z","userId":"32","properties":{"isOpen":true,"messageCount":3}}
{"eventType":"chatMessageSent","timestamp":"2025-06-08T02:29:32.095Z","userId":"32","properties":{"responseTimeMs":2259,"messageCount":5,"messageLength":7}}
{"eventType":"chatPopupToggled","timestamp":"2025-06-08T02:29:46.044Z","userId":"32","properties":{"isOpen":false,"messageCount":5}}
{"eventType":"quizTabViewed","timestamp":"2025-06-08T02:33:24.497Z","userId":"32","properties":{}}
{"eventType":"quizTabViewed","timestamp":"2025-06-08T02:33:30.730Z","userId":"32","properties":{}}
{"eventType":"quizTabViewed","timestamp":"2025-06-08T02:33:39.993Z","userId":"32","properties":{}}
{"eventType":"quizTabViewed","timestamp":"2025-06-08T02:33:48.698Z","userId":"32","properties":{}}
{"eventType":"quizStarted","timestamp":"2025-06-08T02:33:56.821Z","userId":"32","properties":{"quizId":199}}
{"eventType":"chatPopupToggled","timestamp":"2025-06-08T02:34:00.288Z","userId":"32","properties":{"isOpen":true,"messageCount":0}}
{"eventType":"chatMessageSent","timestamp":"2025-06-08T02:34:18.948Z","userId":"32","properties":{"responseTimeMs":4475,"messageCount":3,"messageLength":22}}
{"eventType":"chatPopupToggled","timestamp":"2025-06-08T02:34:31.520Z","userId":"32","properties":{"isOpen":false,"messageCount":3}}
{"eventType":"quizSubmitted","timestamp":"2025-06-08T02:34:34.240Z","userId":"32","properties":{"quizId":199,"isCorrect":false,"responseTimeMs":37419,"aiBotUsed":false}}
{"eventType":"quizSubmitted","timestamp":"2025-06-08T02:34:39.249Z","userId":"32","properties":{"quizId":199,"isCorrect":false,"responseTimeMs":42428,"aiBotUsed":false}}
{"eventType":"quizSubmitted","timestamp":"2025-06-08T02:34:41.859Z","userId":"32","properties":{"quizId":199,"isCorrect":false,"responseTimeMs":45038,"aiBotUsed":false}}
{"eventType":"quizSubmitted","timestamp":"2025-06-08T02:34:44.058Z","userId":"32","properties":{"quizId":199,"isCorrect":false,"responseTimeMs":47237,"aiBotUsed":false}}
{"eventType":"quizTabViewed","timestamp":"2025-06-08T02:34:48.806Z","userId":"32","properties":{}}
{"eventType":"quizTabViewed","timestamp":"2025-06-08T02:36:09.218Z","userId":"32","properties":{}}
{"eventType":"quizTabViewed","timestamp":"2025-06-08T02:36:12.819Z","userId":"32","properties":{}}
{"eventType":"quizTabViewed","timestamp":"2025-06-08T02:36:28.526Z","userId":"2","properties":{}}
{"eventType":"quizTabViewed","timestamp":"2025-06-08T02:36:28.526Z","userId":"2","properties":{}}
{"eventType":"quizStarted","timestamp":"2025-06-08T02:36:31.893Z","userId":"2","properties":{"quizId":2}}
{"eventType":"quizStarted","timestamp":"2025-06-08T02:36:54.000Z","userId":"2","properties":{"quizId":2}}
{"eventType":"chatMessageSent","timestamp":"2025-06-08T02:37:05.714Z","userId":"2","properties":{"responseTimeMs":1669,"messageCount":3,"messageLength":3}}
{"eventType":"quizSubmitted","timestamp":"2025-06-08T02:37:13.076Z","userId":"2","properties":{"quizId":2,"isCorrect":true,"responseTimeMs":19076,"aiBotUsed":false}}
{"eventType":"quizStarted","timestamp":"2025-06-08T02:42:07.943Z","userId":"2","properties":{"quizId":6}}
{"eventType":"quizEnded","timestamp":"2025-06-08T02:42:07.941Z","userId":"2","properties":{"quizId":2,"aiBotUsed":false}}
{"eventType":"chatPopupToggled","timestamp":"2025-06-08T02:42:16.291Z","userId":"2","properties":{"isOpen":true,"messageCount":0}}
{"eventType":"chatMessageSent","timestamp":"2025-06-08T02:42:27.636Z","userId":"2","properties":{"responseTimeMs":1759,"messageCount":3,"messageLength":10}}
{"eventType":"chatMessageSent","timestamp":"2025-06-08T02:42:35.945Z","userId":"2","properties":{"responseTimeMs":2257,"messageCount":5,"messageLength":10}}
{"eventType":"chatPopupToggled","timestamp":"2025-06-08T02:42:39.874Z","userId":"2","properties":{"isOpen":false,"messageCount":5}}
{"eventType":"quizSubmitted","timestamp":"2025-06-08T02:42:42.017Z","userId":"2","properties":{"quizId":6,"isCorrect":true,"responseTimeMs":34074,"aiBotUsed":false}}
{"eventType":"quizTabViewed","timestamp":"2025-06-08T02:43:21.627Z","userId":"2","properties":{}}
{"eventType":"quizTabViewed","timestamp":"2025-06-08T02:46:09.191Z","userId":"2","properties":{}}
{"eventType":"quizStarted","timestamp":"2025-06-08T02:46:14.535Z","userId":"2","properties":{"quizId":9}}
{"eventType":"chatPopupToggled","timestamp":"2025-06-08T02:46:16.751Z","userId":"2","properties":{"isOpen":true,"messageCount":5}}
{"eventType":"chatMessageSent","timestamp":"2025-06-08T02:46:25.030Z","userId":"2","properties":{"responseTimeMs":2238,"messageCount":7,"messageLength":11}}
{"eventType":"quizSubmitted","timestamp":"2025-06-08T02:46:32.089Z","userId":"2","properties":{"quizId":9,"isCorrect":true,"responseTimeMs":17554,"aiBotUsed":false}}
{"eventType":"chatPopupToggled","timestamp":"2025-06-08T02:46:33.834Z","userId":"2","properties":{"isOpen":false,"messageCount":7}}
{"eventType":"quizTabViewed","timestamp":"2025-06-08T03:01:50.645Z","userId":"2","properties":{}}
{"eventType":"quizStarted","timestamp":"2025-06-08T03:03:44.546Z","userId":"2","properties":{"quizId":11}}
{"eventType":"chatPopupToggled","timestamp":"2025-06-08T03:03:46.594Z","userId":"2","properties":{"isOpen":true,"messageCount":0}}
{"eventType":"chatMessageSent","timestamp":"2025-06-08T03:04:01.934Z","userId":"2","properties":{"responseTimeMs":3940,"messageCount":3,"messageLength":17}}
{"eventType":"quizSubmitted","timestamp":"2025-06-08T03:04:12.425Z","userId":"2","properties":{"quizId":11,"isCorrect":true,"responseTimeMs":27880,"aiBotUsed":false}}
{"eventType":"chatPopupToggled","timestamp":"2025-06-08T03:04:24.427Z","userId":"2","properties":{"isOpen":false,"messageCount":3}}
{"eventType":"quizEnded","timestamp":"2025-06-08T03:06:27.112Z","userId":"2","properties":{"quizId":11,"aiBotUsed":false}}
{"eventType":"quizStarted","timestamp":"2025-06-08T03:06:27.114Z","userId":"2","properties":{"quizId":12}}
{"eventType":"chatPopupToggled","timestamp":"2025-06-08T03:06:34.496Z","userId":"2","properties":{"isOpen":true,"messageCount":0}}
{"eventType":"quizStarted","timestamp":"2025-06-08T03:08:27.349Z","userId":"2","properties":{"quizId":16}}
{"eventType":"quizEnded","timestamp":"2025-06-08T03:08:27.347Z","userId":"2","properties":{"quizId":12,"aiBotUsed":false}}
{"eventType":"chatPopupToggled","timestamp":"2025-06-08T03:08:28.963Z","userId":"2","properties":{"isOpen":false,"messageCount":1}}
{"eventType":"chatPopupToggled","timestamp":"2025-06-08T03:08:30.514Z","userId":"2","properties":{"isOpen":true,"messageCount":1}}
{"eventType":"chatMessageSent","timestamp":"2025-06-08T03:08:46.316Z","userId":"2","properties":{"responseTimeMs":1853,"messageCount":3,"messageLength":8}}
{"eventType":"quizSubmitted","timestamp":"2025-06-08T03:09:39.867Z","userId":"2","properties":{"quizId":16,"isCorrect":false,"responseTimeMs":72518,"aiBotUsed":true}}
{"eventType":"quizTabViewed","timestamp":"2025-06-08T03:10:26.737Z","userId":"2","properties":{}}
{"eventType":"quizTabViewed","timestamp":"2025-06-08T03:10:56.541Z","userId":"2","properties":{}}
{"eventType":"quizStarted","timestamp":"2025-06-08T03:11:05.050Z","userId":"2","properties":{"quizId":12}}
{"eventType":"chatPopupToggled","timestamp":"2025-06-08T03:11:07.166Z","userId":"2","properties":{"isOpen":true,"messageCount":0}}
{"eventType":"chatMessageSent","timestamp":"2025-06-08T03:11:22.387Z","userId":"2","properties":{"responseTimeMs":6098,"messageCount":3,"messageLength":15}}
{"eventType":"quizSubmitted","timestamp":"2025-06-08T03:11:36.441Z","userId":"2","properties":{"quizId":12,"isCorrect":true,"responseTimeMs":31392,"aiBotUsed":true}}
{"eventType":"chatPopupToggled","timestamp":"2025-06-08T03:11:48.866Z","userId":"2","properties":{"isOpen":false,"messageCount":3}}
{"eventType":"quizEnded","timestamp":"2025-06-08T03:12:02.433Z","userId":"2","properties":{"quizId":12,"aiBotUsed":true}}
{"eventType":"quizStarted","timestamp":"2025-06-08T03:12:02.434Z","userId":"2","properties":{"quizId":16}}
{"eventType":"quizSubmitted","timestamp":"2025-06-08T03:12:05.329Z","userId":"2","properties":{"quizId":16,"isCorrect":false,"responseTimeMs":2895,"aiBotUsed":false}}
{"eventType":"chatPopupToggled","timestamp":"2025-06-08T03:15:27.935Z","userId":"2","properties":{"isOpen":true,"messageCount":3}}
{"eventType":"quizTabViewed","timestamp":"2025-06-08T03:16:30.937Z","userId":"2","properties":{}}
{"eventType":"quizTabViewed","timestamp":"2025-06-08T03:16:47.377Z","userId":"2","properties":{}}
{"eventType":"quizStarted","timestamp":"2025-06-08T03:16:50.286Z","userId":"2","properties":{"quizId":4}}
{"eventType":"chatPopupToggled","timestamp":"2025-06-08T03:16:53.919Z","userId":"2","properties":{"isOpen":true,"messageCount":0}}
{"eventType":"chatMessageSent","timestamp":"2025-06-08T03:17:13.201Z","userId":"2","properties":{"responseTimeMs":1958,"messageCount":3,"messageLength":16}}
{"eventType":"quizSubmitted","timestamp":"2025-06-08T03:17:21.832Z","userId":"2","properties":{"quizId":4,"isCorrect":true,"responseTimeMs":31546,"aiBotUsed":true}}
{"eventType":"quizTabViewed","timestamp":"2025-06-08T03:19:13.549Z","userId":"2","properties":{}}
{"eventType":"quizTabViewed","timestamp":"2025-06-08T03:19:30.758Z","userId":"2","properties":{}}
{"eventType":"quizStarted","timestamp":"2025-06-08T03:19:35.338Z","userId":"2","properties":{"quizId":13}}
{"eventType":"chatPopupToggled","timestamp":"2025-06-08T03:19:42.855Z","userId":"2","properties":{"isOpen":true,"messageCount":0}}
{"eventType":"chatMessageSent","timestamp":"2025-06-08T03:19:51.134Z","userId":"2","properties":{"responseTimeMs":2188,"messageCount":3,"messageLength":9}}
{"eventType":"quizSubmitted","timestamp":"2025-06-08T03:20:12.654Z","userId":"2","properties":{"quizId":13,"isCorrect":true,"responseTimeMs":37316,"aiBotUsed":true}}
{"eventType":"quizTabViewed","timestamp":"2025-06-08T03:20:55.358Z","userId":"2","properties":{}}
{"eventType":"quizTabViewed","timestamp":"2025-06-08T03:21:15.886Z","userId":"2","properties":{}}
{"eventType":"quizStarted","timestamp":"2025-06-08T03:21:18.856Z","userId":"2","properties":{"quizId":21}}
{"eventType":"chatPopupToggled","timestamp":"2025-06-08T03:21:22.573Z","userId":"2","properties":{"isOpen":true,"messageCount":0}}
{"eventType":"chatMessageSent","timestamp":"2025-06-08T03:21:41.074Z","userId":"2","properties":{"responseTimeMs":1646,"messageCount":3,"messageLength":17}}
{"eventType":"chatPopupToggled","timestamp":"2025-06-08T03:24:42.424Z","userId":"2","properties":{"isOpen":false,"messageCount":3}}
{"eventType":"quizTabViewed","timestamp":"2025-06-08T03:24:45.305Z","userId":"2","properties":{}}
{"eventType":"quizStarted","timestamp":"2025-06-08T03:24:52.141Z","userId":"2","properties":{"quizId":16}}
{"eventType":"chatPopupToggled","timestamp":"2025-06-08T03:25:54.009Z","userId":"2","properties":{"isOpen":true,"messageCount":0}}
{"eventType":"chatMessageSent","timestamp":"2025-06-08T03:26:06.277Z","userId":"2","properties":{"responseTimeMs":4482,"messageCount":3,"messageLength":16}}
{"eventType":"quizSubmitted","timestamp":"2025-06-08T03:26:16.818Z","userId":"2","properties":{"quizId":16,"isCorrect":true,"responseTimeMs":84677,"aiBotUsed":true}}
{"eventType":"chatPopupToggled","timestamp":"2025-06-08T03:26:30.342Z","userId":"2","properties":{"isOpen":false,"messageCount":3}}
{"eventType":"quizStarted","timestamp":"2025-06-08T03:26:32.543Z","userId":"2","properties":{"quizId":17}}
{"eventType":"quizSubmitted","timestamp":"2025-06-08T03:26:39.498Z","userId":"2","properties":{"quizId":17,"isCorrect":true,"responseTimeMs":6955,"aiBotUsed":false}}
{"eventType":"quizStarted","timestamp":"2025-06-08T03:29:50.889Z","userId":"2","properties":{"quizId":131}}
{"eventType":"quizEnded","timestamp":"2025-06-08T03:29:50.887Z","userId":"2","properties":{"quizId":17,"aiBotUsed":false}}
{"eventType":"quizSubmitted","timestamp":"2025-06-08T03:29:54.064Z","userId":"2","properties":{"quizId":131,"isCorrect":false,"responseTimeMs":3175,"aiBotUsed":false}}
{"eventType":"quizSubmitted","timestamp":"2025-06-08T03:29:56.424Z","userId":"2","properties":{"quizId":131,"isCorrect":false,"responseTimeMs":5535,"aiBotUsed":false}}
